[
	"\n * Base1 license\n *\n * Copyright (c) 2013 kyo_ago\n * Licensed under the MIT license.\n ",
	"\n * Base2 license\n *\n * Copyright (c) 2013 kyo_ago\n * Licensed under the MIT license.\n "
]