[
	"\n     Underscore.js 1.5.2\n     http://underscorejs.org\n     (c) 2009-2013 Jeremy Ashkenas, DocumentCloud and Investigative Reporters & Editors\n     Underscore may be freely distributed under the MIT license.\n"
]