[
	"\n * Base license\n *\n * Copyright (c) 2013 kyo_ago\n * Licensed under the MIT license.\n ",
	"     Backbone.js 1.1.0\n     (c) 2010-2011 Jeremy Ashkenas, DocumentCloud Inc.\n     (c) 2011-2013 Jeremy Ashkenas, DocumentCloud and Investigative Reporters & Editors\n     Backbone may be freely distributed under the MIT license.\n     For all details and documentation:\n     http://backbonejs.org",
	" inline Copyright (c) 2013 kyo_ago Licensed under the MIT license.",
	"     Underscore.js 1.5.2\n     http://underscorejs.org\n     (c) 2009-2013 Jeremy Ashkenas, DocumentCloud and Investigative Reporters & Editors\n     Underscore may be freely distributed under the MIT license.",
	" Zepto v1.1 - zepto event ajax form ie - zeptojs.com/license "
]