[
	"!\n * jQuery JavaScript Library v2.0.3\n * http://jquery.com/\n *\n * Includes Sizzle.js\n * http://sizzlejs.com/\n *\n * Copyright 2005, 2013 jQuery Foundation, Inc. and other contributors\n * Released under the MIT license\n * http://jquery.org/license\n *\n * Date: 2013-07-03T13:30Z\n ",
	"!\n * Sizzle CSS Selector Engine v1.9.4-pre\n * http://sizzlejs.com/\n *\n * Copyright 2013 jQuery Foundation, Inc. and other contributors\n * Released under the MIT license\n * http://jquery.org/license\n *\n * Date: 2013-06-03\n "
]