[
	"\n * jQuery Easing v1.3 - http://gsgd.co.uk/sandbox/jquery/easing/\n *\n * Uses the built in easing capabilities added In jQuery 1.1\n * to offer multiple easing options\n *\n * TERMS OF USE - jQuery Easing\n * \n * Open source under the BSD License. \n * \n * Copyright © 2008 George McGinley Smith\n * All rights reserved.\n * \n * Redistribution and use in source and binary forms, with or without modification, \n * are permitted provided that the following conditions are met:\n * \n * Redistributions of source code must retain the above copyright notice, this list of \n * conditions and the following disclaimer.\n * Redistributions in binary form must reproduce the above copyright notice, this list \n * of conditions and the following disclaimer in the documentation and/or other materials \n * provided with the distribution.\n * \n * Neither the name of the author nor the names of contributors may be used to endorse \n * or promote products derived from this software without specific prior written permission.\n * \n * THIS SOFTWARE IS PROVIDED BY THE COPYRIGHT HOLDERS AND CONTRIBUTORS \"AS IS\" AND ANY \n * EXPRESS OR IMPLIED WARRANTIES, INCLUDING, BUT NOT LIMITED TO, THE IMPLIED WARRANTIES OF\n * MERCHANTABILITY AND FITNESS FOR A PARTICULAR PURPOSE ARE DISCLAIMED. IN NO EVENT SHALL THE\n *  COPYRIGHT OWNER OR CONTRIBUTORS BE LIABLE FOR ANY DIRECT, INDIRECT, INCIDENTAL, SPECIAL,\n *  EXEMPLARY, OR CONSEQUENTIAL DAMAGES (INCLUDING, BUT NOT LIMITED TO, PROCUREMENT OF SUBSTITUTE\n *  GOODS OR SERVICES; LOSS OF USE, DATA, OR PROFITS; OR BUSINESS INTERRUPTION) HOWEVER CAUSED \n * AND ON ANY THEORY OF LIABILITY, WHETHER IN CONTRACT, STRICT LIABILITY, OR TORT (INCLUDING\n *  NEGLIGENCE OR OTHERWISE) ARISING IN ANY WAY OUT OF THE USE OF THIS SOFTWARE, EVEN IF ADVISED \n * OF THE POSSIBILITY OF SUCH DAMAGE. \n *\n",
	"\n *\n * TERMS OF USE - EASING EQUATIONS\n * \n * Open source under the BSD License. \n * \n * Copyright © 2001 Robert Penner\n * All rights reserved.\n * \n * Redistribution and use in source and binary forms, with or without modification, \n * are permitted provided that the following conditions are met:\n * \n * Redistributions of source code must retain the above copyright notice, this list of \n * conditions and the following disclaimer.\n * Redistributions in binary form must reproduce the above copyright notice, this list \n * of conditions and the following disclaimer in the documentation and/or other materials \n * provided with the distribution.\n * \n * Neither the name of the author nor the names of contributors may be used to endorse \n * or promote products derived from this software without specific prior written permission.\n * \n * THIS SOFTWARE IS PROVIDED BY THE COPYRIGHT HOLDERS AND CONTRIBUTORS \"AS IS\" AND ANY \n * EXPRESS OR IMPLIED WARRANTIES, INCLUDING, BUT NOT LIMITED TO, THE IMPLIED WARRANTIES OF\n * MERCHANTABILITY AND FITNESS FOR A PARTICULAR PURPOSE ARE DISCLAIMED. IN NO EVENT SHALL THE\n *  COPYRIGHT OWNER OR CONTRIBUTORS BE LIABLE FOR ANY DIRECT, INDIRECT, INCIDENTAL, SPECIAL,\n *  EXEMPLARY, OR CONSEQUENTIAL DAMAGES (INCLUDING, BUT NOT LIMITED TO, PROCUREMENT OF SUBSTITUTE\n *  GOODS OR SERVICES; LOSS OF USE, DATA, OR PROFITS; OR BUSINESS INTERRUPTION) HOWEVER CAUSED \n * AND ON ANY THEORY OF LIABILITY, WHETHER IN CONTRACT, STRICT LIABILITY, OR TORT (INCLUDING\n *  NEGLIGENCE OR OTHERWISE) ARISING IN ANY WAY OUT OF THE USE OF THIS SOFTWARE, EVEN IF ADVISED \n * OF THE POSSIBILITY OF SUCH DAMAGE. \n *\n "
]