[
	" Copyright (c) 2009 The Chromium Authors. All rights reserved.\n Use of this source code is governed by a BSD-style license that can be\n found in the LICENSE file."
]