[
	"\n  Copyright (C) 2013 Ariya Hidayat <ariya.hidayat@gmail.com>\n  Copyright (C) 2013 Thaddee Tyl <thaddee.tyl@gmail.com>\n  Copyright (C) 2013 Mathias Bynens <mathias@qiwi.be>\n  Copyright (C) 2012 Ariya Hidayat <ariya.hidayat@gmail.com>\n  Copyright (C) 2012 Mathias Bynens <mathias@qiwi.be>\n  Copyright (C) 2012 Joost-Wim Boekesteijn <joost-wim@boekesteijn.nl>\n  Copyright (C) 2012 Kris Kowal <kris.kowal@cixar.com>\n  Copyright (C) 2012 Yusuke Suzuki <utatane.tea@gmail.com>\n  Copyright (C) 2012 Arpad Borsos <arpad.borsos@googlemail.com>\n  Copyright (C) 2011 Ariya Hidayat <ariya.hidayat@gmail.com>\n  Redistribution and use in source and binary forms, with or without\n  modification, are permitted provided that the following conditions are met:\n    * Redistributions of source code must retain the above copyright\n      notice, this list of conditions and the following disclaimer.\n    * Redistributions in binary form must reproduce the above copyright\n      notice, this list of conditions and the following disclaimer in the\n      documentation and/or other materials provided with the distribution.\n  THIS SOFTWARE IS PROVIDED BY THE COPYRIGHT HOLDERS AND CONTRIBUTORS \"AS IS\"\n  AND ANY EXPRESS OR IMPLIED WARRANTIES, INCLUDING, BUT NOT LIMITED TO, THE\n  IMPLIED WARRANTIES OF MERCHANTABILITY AND FITNESS FOR A PARTICULAR PURPOSE\n  ARE DISCLAIMED. IN NO EVENT SHALL <COPYRIGHT HOLDER> BE LIABLE FOR ANY\n  DIRECT, INDIRECT, INCIDENTAL, SPECIAL, EXEMPLARY, OR CONSEQUENTIAL DAMAGES\n  (INCLUDING, BUT NOT LIMITED TO, PROCUREMENT OF SUBSTITUTE GOODS OR SERVICES;\n  LOSS OF USE, DATA, OR PROFITS; OR BUSINESS INTERRUPTION) HOWEVER CAUSED AND\n  ON ANY THEORY OF LIABILITY, WHETHER IN CONTRACT, STRICT LIABILITY, OR TORT\n  (INCLUDING NEGLIGENCE OR OTHERWISE) ARISING IN ANY WAY OUT OF THE USE OF\n  THIS SOFTWARE, EVEN IF ADVISED OF THE POSSIBILITY OF SUCH DAMAGE.\n"
]