[
	"\n inline Copyright (c) 2013 kyo_ago Licensed under the MIT license.\n"
]