[
	" directory three Copyright (c) 2013 kyo_ago Licensed under the MIT license.",
	" directory two Copyright (c) 2013 kyo_ago Licensed under the MIT license.",
	" directory one Copyright (c) 2013 kyo_ago Licensed under the MIT license."
]