[
	"\n     Backbone.js 1.1.0\n     (c) 2010-2011 Jeremy Ashkenas, DocumentCloud Inc.\n     (c) 2011-2013 Jeremy Ashkenas, DocumentCloud and Investigative Reporters & Editors\n     Backbone may be freely distributed under the MIT license.\n     For all details and documentation:\n     http://backbonejs.org\n"
]