[
	" Zepto v1.1 - zepto event ajax form ie - zeptojs.com/license "
]